2026-03-11 15:32:50,424 [INFO] src.data.market.market_data - 正在获取 gld (GLD) 数据: 2004-11-18 ~ 2026-03-11
2026-03-11 15:32:57,013 [INFO] src.data.market.market_data - gld: 获取 5359 条记录, 时间范围 2004-11-18 ~ 2026-03-10
2026-03-11 15:32:57,013 [INFO] src.data.market.market_data - 正在获取 gold_futures (GC=F) 数据: 2004-11-18 ~ 2026-03-11
2026-03-11 15:32:57,802 [INFO] src.data.market.market_data - gold_futures: 获取 5352 条记录, 时间范围 2004-11-18 ~ 2026-03-10
2026-03-11 15:32:57,802 [INFO] src.data.market.market_data - 正在获取 dxy (DX-Y.NYB) 数据: 2004-11-18 ~ 2026-03-11
2026-03-11 15:32:58,897 [INFO] src.data.market.market_data - dxy: 获取 5367 条记录, 时间范围 2004-11-18 ~ 2026-03-10
2026-03-11 15:32:58,897 [INFO] src.data.market.market_data - 正在获取 vix (^VIX) 数据: 2004-11-18 ~ 2026-03-11
2026-03-11 15:32:59,754 [INFO] src.data.market.market_data - vix: 获取 5359 条记录, 时间范围 2004-11-18 ~ 2026-03-10
2026-03-11 15:32:59,754 [INFO] src.data.market.market_data - 正在获取 crude_oil (CL=F) 数据: 2004-11-18 ~ 2026-03-11
2026-03-11 15:33:00,576 [INFO] src.data.market.market_data - crude_oil: 获取 5356 条记录, 时间范围 2004-11-18 ~ 2026-03-10
2026-03-11 15:33:00,576 [INFO] src.data.market.market_data - 正在获取 copper (HG=F) 数据: 2004-11-18 ~ 2026-03-11
2026-03-11 15:33:01,474 [INFO] src.data.market.market_data - copper: 获取 5356 条记录, 时间范围 2004-11-18 ~ 2026-03-10
2026-03-11 15:33:01,474 [INFO] src.data.market.market_data - 正在获取 silver (SI=F) 数据: 2004-11-18 ~ 2026-03-11
2026-03-11 15:33:02,927 [INFO] src.data.market.market_data - silver: 获取 5353 条记录, 时间范围 2004-11-18 ~ 2026-03-10
2026-03-11 15:33:02,927 [INFO] src.data.market.market_data - 正在获取 us10y (^TNX) 数据: 2004-11-18 ~ 2026-03-11
2026-03-11 15:33:03,313 [INFO] src.data.market.market_data - us10y: 获取 5354 条记录, 时间范围 2004-11-18 ~ 2026-03-10
2026-03-11 15:33:03,313 [INFO] src.data.market.market_data - 正在获取 us2y (^IRX) 数据: 2004-11-18 ~ 2026-03-11
2026-03-11 15:33:03,949 [INFO] src.data.market.market_data - us2y: 获取 5354 条记录, 时间范围 2004-11-18 ~ 2026-03-10
2026-03-11 15:33:03,969 [INFO] src.data.market.market_data - 已保存 gld -> /Users/yhdong/Gold/data/raw/market/gld.csv (5359 行)
2026-03-11 15:33:03,982 [INFO] src.data.market.market_data - 已保存 gold_futures -> /Users/yhdong/Gold/data/raw/market/gold_futures.csv (5352 行)
2026-03-11 15:33:03,994 [INFO] src.data.market.market_data - 已保存 dxy -> /Users/yhdong/Gold/data/raw/market/dxy.csv (5367 行)
2026-03-11 15:33:04,006 [INFO] src.data.market.market_data - 已保存 vix -> /Users/yhdong/Gold/data/raw/market/vix.csv (5359 行)
2026-03-11 15:33:04,018 [INFO] src.data.market.market_data - 已保存 crude_oil -> /Users/yhdong/Gold/data/raw/market/crude_oil.csv (5356 行)
2026-03-11 15:33:04,031 [INFO] src.data.market.market_data - 已保存 copper -> /Users/yhdong/Gold/data/raw/market/copper.csv (5356 行)
2026-03-11 15:33:04,043 [INFO] src.data.market.market_data - 已保存 silver -> /Users/yhdong/Gold/data/raw/market/silver.csv (5353 行)
2026-03-11 15:33:04,055 [INFO] src.data.market.market_data - 已保存 us10y -> /Users/yhdong/Gold/data/raw/market/us10y.csv (5354 行)
2026-03-11 15:33:04,068 [INFO] src.data.market.market_data - 已保存 us2y -> /Users/yhdong/Gold/data/raw/market/us2y.csv (5354 行)
2026-03-11 15:33:04,069 [INFO] src.data.macro.macro_data - 正在获取 FRED real_yield_10y (DFII10): 2004-11-18 ~ 2026-03-11
2026-03-11 15:33:07,429 [INFO] src.data.macro.macro_data - real_yield_10y: 获取 5558 条记录 (有效 5328), 时间范围 2004-11-18 ~ 2026-03-09
2026-03-11 15:33:07,430 [INFO] src.data.macro.macro_data - 正在获取 FRED breakeven_inflation_10y (T10YIE): 2004-11-18 ~ 2026-03-11
2026-03-11 15:33:09,057 [INFO] src.data.macro.macro_data - breakeven_inflation_10y: 获取 5559 条记录 (有效 5329), 时间范围 2004-11-18 ~ 2026-03-10
2026-03-11 15:33:09,057 [INFO] src.data.macro.macro_data - 正在获取 FRED real_yield_5y (DFII5): 2004-11-18 ~ 2026-03-11
2026-03-11 15:33:10,590 [INFO] src.data.macro.macro_data - real_yield_5y: 获取 5558 条记录 (有效 5328), 时间范围 2004-11-18 ~ 2026-03-09
2026-03-11 15:33:10,592 [INFO] src.data.macro.macro_data - 正在获取 FRED fed_funds_rate (DFF): 2004-11-18 ~ 2026-03-11
2026-03-11 15:33:15,369 [INFO] src.data.macro.macro_data - fed_funds_rate: 获取 7782 条记录 (有效 7782), 时间范围 2004-11-18 ~ 2026-03-09
2026-03-11 15:33:15,369 [INFO] src.data.macro.macro_data - 正在获取 FRED federal_debt (GFDEBTN): 2004-11-18 ~ 2026-03-11
2026-03-11 15:33:16,170 [INFO] src.data.macro.macro_data - federal_debt: 获取 85 条记录 (有效 85), 时间范围 2004-10-01 ~ 2025-10-01
2026-03-11 15:33:16,170 [INFO] src.data.macro.macro_data - 正在获取 FRED fiscal_deficit (MTSDS133FMS): 2004-11-18 ~ 2026-03-11
2026-03-11 15:33:16,888 [INFO] src.data.macro.macro_data - fiscal_deficit: 获取 255 条记录 (有效 255), 时间范围 2004-11-01 ~ 2026-01-01
2026-03-11 15:33:16,889 [INFO] src.data.macro.macro_data - 正在获取 FRED cpi (CPIAUCSL): 2004-11-18 ~ 2026-03-11
2026-03-11 15:33:17,656 [INFO] src.data.macro.macro_data - cpi: 获取 255 条记录 (有效 254), 时间范围 2004-11-01 ~ 2026-01-01
2026-03-11 15:33:17,656 [INFO] src.data.macro.macro_data - 正在获取 FRED m2 (M2SL): 2004-11-18 ~ 2026-03-11
2026-03-11 15:33:18,419 [INFO] src.data.macro.macro_data - m2: 获取 255 条记录 (有效 255), 时间范围 2004-11-01 ~ 2026-01-01
2026-03-11 15:33:18,419 [INFO] src.data.macro.macro_data - 正在获取 FRED trade_weighted_dollar (DTWEXBGS): 2004-11-18 ~ 2026-03-11
2026-03-11 15:33:20,914 [INFO] src.data.macro.macro_data - trade_weighted_dollar: 获取 5265 条记录 (有效 5057), 时间范围 2006-01-02 ~ 2026-03-06
2026-03-11 15:33:20,931 [INFO] src.data.macro.macro_data - 已保存 real_yield_10y -> /Users/yhdong/Gold/data/raw/macro/real_yield_10y.csv (5558 行)
2026-03-11 15:33:20,934 [INFO] src.data.macro.macro_data - 已保存 breakeven_inflation_10y -> /Users/yhdong/Gold/data/raw/macro/breakeven_inflation_10y.csv (5559 行)
2026-03-11 15:33:20,937 [INFO] src.data.macro.macro_data - 已保存 real_yield_5y -> /Users/yhdong/Gold/data/raw/macro/real_yield_5y.csv (5558 行)
2026-03-11 15:33:20,941 [INFO] src.data.macro.macro_data - 已保存 fed_funds_rate -> /Users/yhdong/Gold/data/raw/macro/fed_funds_rate.csv (7782 行)
2026-03-11 15:33:20,942 [INFO] src.data.macro.macro_data - 已保存 federal_debt -> /Users/yhdong/Gold/data/raw/macro/federal_debt.csv (85 行)
2026-03-11 15:33:20,943 [INFO] src.data.macro.macro_data - 已保存 fiscal_deficit -> /Users/yhdong/Gold/data/raw/macro/fiscal_deficit.csv (255 行)
2026-03-11 15:33:20,943 [INFO] src.data.macro.macro_data - 已保存 cpi -> /Users/yhdong/Gold/data/raw/macro/cpi.csv (255 行)
2026-03-11 15:33:20,944 [INFO] src.data.macro.macro_data - 已保存 m2 -> /Users/yhdong/Gold/data/raw/macro/m2.csv (255 行)
2026-03-11 15:33:20,947 [INFO] src.data.macro.macro_data - 已保存 trade_weighted_dollar -> /Users/yhdong/Gold/data/raw/macro/trade_weighted_dollar.csv (5265 行)
2026-03-11 15:33:20,962 [INFO] src.data.macro.macro_data - 宏观数据面板: 7785 行 x 9 列
2026-03-11 15:33:20,965 [INFO] src.data.macro.macro_data - 列: ['DFII10', 'T10YIE', 'DFII5', 'DFF', 'GFDEBTN', 'MTSDS133FMS', 'CPIAUCSL', 'M2SL', 'DTWEXBGS']
2026-03-11 15:33:20,987 [INFO] src.data.volatility.vol_data - 正在从 CBOE 获取 GVZ 数据: https://cdn.cboe.com/api/global/us_indices/daily_prices/GVZ_History.csv
2026-03-11 15:33:22,308 [WARNING] src.data.volatility.vol_data - GVZ CSV 列名不匹配，实际列: ['DATE', 'GVZ']
2026-03-11 15:33:22,308 [INFO] src.data.volatility.vol_data - 尝试使用位置匹配: date=DATE, close=GVZ
2026-03-11 15:33:22,325 [INFO] src.data.volatility.vol_data - GVZ: 获取 4141 条记录, 时间范围 2009-09-18 ~ 2026-03-10
2026-03-11 15:33:22,326 [INFO] src.data.volatility.vol_data - 正在获取 VIX 期限结构数据...
2026-03-11 15:33:22,389 [INFO] src.data.volatility.vol_data -   VIX: 5359 条记录
2026-03-11 15:33:23,594 [INFO] src.data.volatility.vol_data -   VIX9D: 3818 条记录
2026-03-11 15:33:24,731 [INFO] src.data.volatility.vol_data -   VIX3M: 4943 条记录
2026-03-11 15:33:25,859 [INFO] src.data.volatility.vol_data -   VIX6M: 4575 条记录
2026-03-11 15:33:25,862 [INFO] src.data.volatility.vol_data - 正在获取 MOVE 指数...
2026-03-11 15:33:26,509 [INFO] src.data.volatility.vol_data - FRED MOVE 不可用 (Bad Request.  The series does not exist.)，尝试备用方案...
2026-03-11 15:33:27,334 [INFO] src.data.volatility.vol_data - MOVE (Yahoo): 5268 条记录
2026-03-11 15:33:27,337 [INFO] src.data.volatility.vol_data - 已保存 GVZ -> /Users/yhdong/Gold/data/raw/volatility/gvz.csv
2026-03-11 15:33:27,350 [INFO] src.data.volatility.vol_data - 已保存 VIX期限结构 -> /Users/yhdong/Gold/data/raw/volatility/vix_term_structure.csv
2026-03-11 15:33:27,355 [INFO] src.data.volatility.vol_data - 已保存 MOVE -> /Users/yhdong/Gold/data/raw/volatility/move.csv
2026-03-11 15:33:27,355 [INFO] src.data.positioning.cot_data - 正在获取 2006 年 COT 数据: https://www.cftc.gov/files/dea/history/deacot2006.zip
2026-03-11 15:33:31,253 [INFO] src.data.positioning.cot_data -   2006: 52 条黄金记录
2026-03-11 15:33:31,254 [INFO] src.data.positioning.cot_data - 正在获取 2007 年 COT 数据: https://www.cftc.gov/files/dea/history/deacot2007.zip
2026-03-11 15:33:32,853 [INFO] src.data.positioning.cot_data -   2007: 53 条黄金记录
2026-03-11 15:33:32,855 [INFO] src.data.positioning.cot_data - 正在获取 2008 年 COT 数据: https://www.cftc.gov/files/dea/history/deacot2008.zip
2026-03-11 15:33:34,289 [INFO] src.data.positioning.cot_data -   2008: 52 条黄金记录
2026-03-11 15:33:34,290 [INFO] src.data.positioning.cot_data - 正在获取 2009 年 COT 数据: https://www.cftc.gov/files/dea/history/deacot2009.zip
2026-03-11 15:33:36,300 [INFO] src.data.positioning.cot_data -   2009: 52 条黄金记录
2026-03-11 15:33:36,301 [INFO] src.data.positioning.cot_data - 正在获取 2010 年 COT 数据: https://www.cftc.gov/files/dea/history/deacot2010.zip
2026-03-11 15:33:37,890 [INFO] src.data.positioning.cot_data -   2010: 52 条黄金记录
2026-03-11 15:33:37,891 [INFO] src.data.positioning.cot_data - 正在获取 2011 年 COT 数据: https://www.cftc.gov/files/dea/history/deacot2011.zip
2026-03-11 15:33:43,776 [INFO] src.data.positioning.cot_data -   2011: 52 条黄金记录
2026-03-11 15:33:43,781 [INFO] src.data.positioning.cot_data - 正在获取 2012 年 COT 数据: https://www.cftc.gov/files/dea/history/deacot2012.zip
2026-03-11 15:33:47,368 [INFO] src.data.positioning.cot_data -   2012: 53 条黄金记录
2026-03-11 15:33:47,372 [INFO] src.data.positioning.cot_data - 正在获取 2013 年 COT 数据: https://www.cftc.gov/files/dea/history/deacot2013.zip
2026-03-11 15:33:50,062 [INFO] src.data.positioning.cot_data -   2013: 52 条黄金记录
2026-03-11 15:33:50,064 [INFO] src.data.positioning.cot_data - 正在获取 2014 年 COT 数据: https://www.cftc.gov/files/dea/history/deacot2014.zip
2026-03-11 15:33:53,352 [INFO] src.data.positioning.cot_data -   2014: 52 条黄金记录
2026-03-11 15:33:53,353 [INFO] src.data.positioning.cot_data - 正在获取 2015 年 COT 数据: https://www.cftc.gov/files/dea/history/deacot2015.zip
2026-03-11 15:33:55,687 [INFO] src.data.positioning.cot_data -   2015: 52 条黄金记录
2026-03-11 15:33:55,688 [INFO] src.data.positioning.cot_data - 正在获取 2016 年 COT 数据: https://www.cftc.gov/files/dea/history/deacot2016.zip
2026-03-11 15:33:59,349 [INFO] src.data.positioning.cot_data -   2016: 52 条黄金记录
2026-03-11 15:33:59,353 [INFO] src.data.positioning.cot_data - 正在获取 2017 年 COT 数据: https://www.cftc.gov/files/dea/history/deacot2017.zip
2026-03-11 15:34:01,470 [INFO] src.data.positioning.cot_data -   2017: 52 条黄金记录
2026-03-11 15:34:01,472 [INFO] src.data.positioning.cot_data - 正在获取 2018 年 COT 数据: https://www.cftc.gov/files/dea/history/deacot2018.zip
2026-03-11 15:34:06,632 [INFO] src.data.positioning.cot_data -   2018: 53 条黄金记录
2026-03-11 15:34:06,637 [INFO] src.data.positioning.cot_data - 正在获取 2019 年 COT 数据: https://www.cftc.gov/files/dea/history/deacot2019.zip
2026-03-11 15:34:11,385 [INFO] src.data.positioning.cot_data -   2019: 52 条黄金记录
2026-03-11 15:34:11,388 [INFO] src.data.positioning.cot_data - 正在获取 2020 年 COT 数据: https://www.cftc.gov/files/dea/history/deacot2020.zip
2026-03-11 15:34:15,172 [INFO] src.data.positioning.cot_data -   2020: 52 条黄金记录
2026-03-11 15:34:15,174 [INFO] src.data.positioning.cot_data - 正在获取 2021 年 COT 数据: https://www.cftc.gov/files/dea/history/deacot2021.zip
2026-03-11 15:34:17,160 [INFO] src.data.positioning.cot_data -   2021: 52 条黄金记录
2026-03-11 15:34:17,162 [INFO] src.data.positioning.cot_data - 正在获取 2022 年 COT 数据: https://www.cftc.gov/files/dea/history/deacot2022.zip
2026-03-11 15:34:21,247 [INFO] src.data.positioning.cot_data -   2022: 52 条黄金记录
2026-03-11 15:34:21,249 [INFO] src.data.positioning.cot_data - 正在获取 2023 年 COT 数据: https://www.cftc.gov/files/dea/history/deacot2023.zip
2026-03-11 15:34:25,216 [INFO] src.data.positioning.cot_data -   2023: 52 条黄金记录
2026-03-11 15:34:25,217 [INFO] src.data.positioning.cot_data - 正在获取 2024 年 COT 数据: https://www.cftc.gov/files/dea/history/deacot2024.zip
2026-03-11 15:34:28,000 [INFO] src.data.positioning.cot_data -   2024: 53 条黄金记录
2026-03-11 15:34:28,002 [INFO] src.data.positioning.cot_data - 正在获取 2025 年 COT 数据: https://www.cftc.gov/files/dea/history/deacot2025.zip
2026-03-11 15:34:30,835 [INFO] src.data.positioning.cot_data -   2025: 52 条黄金记录
2026-03-11 15:34:30,840 [INFO] src.data.positioning.cot_data - 正在获取 2026 年 COT 数据: https://www.cftc.gov/files/dea/history/deacot2026.zip
2026-03-11 15:34:33,045 [INFO] src.data.positioning.cot_data -   2026: 9 条黄金记录
2026-03-11 15:34:33,054 [INFO] src.data.positioning.cot_data - COT 黄金数据合计: 1053 条周报记录, 2006-01-03 ~ 2026-03-03
2026-03-11 15:34:33,062 [INFO] src.data.positioning.cot_data - 已保存 COT 数据 -> /Users/yhdong/Gold/data/raw/cot/gold_cot.csv (1053 行)
2026-03-11 15:34:33,063 [INFO] src.data.positioning.central_bank_gold - 解析月度央行购金数据: /Users/yhdong/Gold/data/raw/others/Changes_latest_as_of_Feb2026_IFS.xlsx
2026-03-11 15:34:33,342 [INFO] src.data.positioning.central_bank_gold - 月度数据: 288 个月, 164 列, 2002-01 ~ 2025-12
2026-03-11 15:34:33,342 [INFO] src.data.positioning.central_bank_gold - 解析年度央行购金数据: /Users/yhdong/Gold/data/raw/others/Changes_latest_as_of_Feb2026_IFS.xlsx
2026-03-11 15:34:33,372 [INFO] src.data.positioning.central_bank_gold - 年度数据: 24 年, 2002 ~ 2025
2026-03-11 15:34:33,377 [INFO] src.data.positioning.central_bank_gold - 已保存月度数据 -> /Users/yhdong/Gold/data/raw/central_bank/monthly_changes.csv
2026-03-11 15:34:33,378 [INFO] src.data.positioning.central_bank_gold - 已保存年度数据 -> /Users/yhdong/Gold/data/raw/central_bank/annual_changes.csv
2026-03-11 15:34:33,379 [INFO] src.data.positioning.central_bank_gold - 已保存特征数据 -> /Users/yhdong/Gold/data/raw/central_bank/cb_features.csv
2026-03-11 15:34:33,379 [INFO] src.data.events.economic_events - 加载 FOMC 会议日期（硬编码）...
2026-03-11 15:34:33,380 [INFO] src.data.events.economic_events - FOMC 会议日期: 185 个 (2005-02-02 ~ 2027-12-08)
2026-03-11 15:34:33,380 [INFO] src.data.events.economic_events - 正在获取 NFP 发布日期 (PAYEMS)...
2026-03-11 15:34:34,987 [INFO] src.data.events.economic_events -   NFP: 857 个发布日期
2026-03-11 15:34:34,988 [INFO] src.data.events.economic_events - 正在获取 CPI 发布日期 (CPIAUCSL)...
2026-03-11 15:34:36,040 [INFO] src.data.events.economic_events -   CPI: 942 个发布日期
2026-03-11 15:34:36,044 [INFO] src.data.events.economic_events - 正在获取 PPI 发布日期 (PPIACO)...
2026-03-11 15:34:37,784 [INFO] src.data.events.economic_events -   PPI: 593 个发布日期
2026-03-11 15:34:37,787 [INFO] src.data.events.economic_events - 正在获取 GDP 发布日期 (GDP)...
2026-03-11 15:34:38,770 [INFO] src.data.events.economic_events -   GDP: 849 个发布日期
2026-03-11 15:34:38,772 [INFO] src.data.events.economic_events - 正在获取 ISM_Manufacturing 发布日期 (MANEMP)...
2026-03-11 15:34:39,716 [INFO] src.data.events.economic_events -   ISM_Manufacturing: 857 个发布日期
2026-03-11 15:34:39,730 [INFO] src.data.events.economic_events - 经济事件日历合计: 4283 条
2026-03-11 15:34:39,736 [INFO] src.data.events.economic_events - 已保存经济事件日历 -> /Users/yhdong/Gold/data/raw/events/economic_calendar.csv (4283 条)
2026-03-11 15:34:39,741 [INFO] src.data.market.market_data - 正在获取 GLD 期权链...
2026-03-11 15:34:40,563 [INFO] src.data.market.market_data - GLD 可用期权到期日: 29 个
2026-03-11 15:34:40,563 [INFO] src.data.market.market_data - 最近到期日: ('2026-03-11', '2026-03-13', '2026-03-16', '2026-03-18', '2026-03-20')
2026-03-11 15:34:41,016 [INFO] src.data.market.market_data -   2026-03-11: 93 calls, 87 puts
2026-03-11 15:34:41,115 [INFO] src.data.market.market_data -   2026-03-13: 148 calls, 135 puts
2026-03-11 15:34:41,600 [INFO] src.data.market.market_data -   2026-03-16: 67 calls, 67 puts
2026-03-11 15:34:41,682 [INFO] src.data.market.market_data -   2026-03-18: 69 calls, 61 puts
2026-03-11 15:34:41,880 [INFO] src.data.market.market_data -   2026-03-20: 333 calls, 307 puts
2026-03-11 15:34:42,002 [INFO] src.data.market.market_data -   2026-03-23: 18 calls, 9 puts
2026-03-11 15:34:42,017 [INFO] src.data.market.market_data - 已保存 12 个期权链文件到 /Users/yhdong/Gold/data/raw/options
2026-03-11 15:34:42,158 [INFO] src.data.options.moomoo_data - 已连接 Moomoo OpenD (127.0.0.1:11111)
2026-03-11 15:34:42,213 [INFO] src.data.options.moomoo_data - US.GLD 期权到期日: 30 个
2026-03-11 15:34:42,214 [INFO] src.data.options.moomoo_data - 获取 6 个到期日的期权链: 2026-03-11 ~ 2026-03-23
2026-03-11 15:34:42,805 [INFO] src.data.options.moomoo_data - US.GLD 期权链: 1840 个合约 (2026-03-11 ~ 2026-03-23)
2026-03-11 15:34:42,805 [INFO] src.data.options.moomoo_data - 获取 1840 个合约的实时快照...
2026-03-11 15:34:43,728 [INFO] src.data.options.moomoo_data - 期权快照: 1840 个合约
2026-03-11 15:34:43,730 [INFO] src.data.options.moomoo_data - 完整期权数据: 1840 个合约, 23 个字段
2026-03-11 15:34:43,741 [INFO] src.data.options.moomoo_data - 已保存期权数据 -> /Users/yhdong/Gold/data/raw/moomoo_options/gld_options_full_20260311_153443.csv
2026-03-11 15:34:43,741 [INFO] src.data.options.moomoo_data - 已关闭 Moomoo 连接
2026-03-11 15:34:43,741 [INFO] src.data.options.options_archive - === 日终全链快照开始 ===
2026-03-11 15:34:43,743 [INFO] src.data.options.moomoo_data - 已连接 Moomoo OpenD (127.0.0.1:11111)
2026-03-11 15:34:43,792 [INFO] src.data.options.moomoo_data - US.GLD 期权到期日: 30 个
2026-03-11 15:34:43,794 [INFO] src.data.options.options_archive - 获取 30 个到期日: 2026-03-11 ~ 2028-12-15
2026-03-11 15:34:43,795 [INFO] src.data.options.options_archive -   批次: 2026-03-11 ~ 2026-04-02 (10 个到期日)
2026-03-11 15:34:45,528 [INFO] src.data.options.moomoo_data - US.GLD 期权链: 3158 个合约 (2026-03-11 ~ 2026-04-02)
2026-03-11 15:34:49,465 [INFO] src.data.options.options_archive -   批次: 2026-04-10 ~ 2026-04-24 (3 个到期日)
2026-03-11 15:34:51,531 [INFO] src.data.options.moomoo_data - US.GLD 期权链: 816 个合约 (2026-04-10 ~ 2026-04-24)
2026-03-11 15:34:55,043 [INFO] src.data.options.options_archive -   批次: 2026-05-15 ~ 2026-05-15 (1 个到期日)
2026-03-11 15:34:55,255 [INFO] src.data.options.moomoo_data - US.GLD 期权链: 312 个合约 (2026-05-15 ~ 2026-05-15)
2026-03-11 15:34:58,761 [INFO] src.data.options.options_archive -   批次: 2026-06-18 ~ 2026-07-17 (3 个到期日)
2026-03-11 15:34:59,159 [INFO] src.data.options.moomoo_data - US.GLD 期权链: 1034 个合约 (2026-06-18 ~ 2026-07-17)
2026-03-11 15:35:02,666 [INFO] src.data.options.options_archive -   批次: 2026-08-21 ~ 2026-09-18 (2 个到期日)
2026-03-11 15:35:03,027 [INFO] src.data.options.moomoo_data - US.GLD 期权链: 616 个合约 (2026-08-21 ~ 2026-09-18)
2026-03-11 15:35:06,533 [INFO] src.data.options.options_archive -   批次: 2026-09-30 ~ 2026-10-16 (2 个到期日)
2026-03-11 15:35:06,726 [INFO] src.data.options.moomoo_data - US.GLD 期权链: 524 个合约 (2026-09-30 ~ 2026-10-16)
2026-03-11 15:35:10,234 [INFO] src.data.options.options_archive -   批次: 2026-11-20 ~ 2026-12-18 (2 个到期日)
2026-03-11 15:35:10,671 [INFO] src.data.options.moomoo_data - US.GLD 期权链: 468 个合约 (2026-11-20 ~ 2026-12-18)
2026-03-11 15:35:14,176 [INFO] src.data.options.options_archive -   批次: 2026-12-31 ~ 2027-01-15 (2 个到期日)
2026-03-11 15:35:14,542 [INFO] src.data.options.moomoo_data - US.GLD 期权链: 760 个合约 (2026-12-31 ~ 2027-01-15)
2026-03-11 15:35:18,049 [INFO] src.data.options.options_archive -   批次: 2027-03-19 ~ 2027-03-19 (1 个到期日)
2026-03-11 15:35:18,208 [INFO] src.data.options.moomoo_data - US.GLD 期权链: 228 个合约 (2027-03-19 ~ 2027-03-19)
2026-03-11 15:35:21,715 [INFO] src.data.options.options_archive -   批次: 2027-06-17 ~ 2027-06-17 (1 个到期日)
2026-03-11 15:35:21,967 [INFO] src.data.options.moomoo_data - US.GLD 期权链: 328 个合约 (2027-06-17 ~ 2027-06-17)
2026-03-11 15:35:25,474 [INFO] src.data.options.options_archive -   批次: 2028-01-21 ~ 2028-01-21 (1 个到期日)
2026-03-11 15:35:25,587 [INFO] src.data.options.moomoo_data - US.GLD 期权链: 332 个合约 (2028-01-21 ~ 2028-01-21)
2026-03-11 15:35:29,092 [INFO] src.data.options.options_archive -   批次: 2028-06-16 ~ 2028-06-16 (1 个到期日)
2026-03-11 15:35:29,228 [INFO] src.data.options.moomoo_data - US.GLD 期权链: 270 个合约 (2028-06-16 ~ 2028-06-16)
2026-03-11 15:35:32,735 [INFO] src.data.options.options_archive -   批次: 2028-12-15 ~ 2028-12-15 (1 个到期日)
2026-03-11 15:35:32,962 [INFO] src.data.options.moomoo_data - US.GLD 期权链: 272 个合约 (2028-12-15 ~ 2028-12-15)
2026-03-11 15:35:32,973 [INFO] src.data.options.options_archive - 期权链合计: 9118 个合约
2026-03-11 15:35:32,974 [INFO] src.data.options.options_archive - 获取 9118 个合约的快照...
2026-03-11 15:35:38,433 [INFO] src.data.options.moomoo_data - 期权快照: 9118 个合约
2026-03-11 15:35:38,442 [INFO] src.data.options.options_archive - 完整快照: 9118 个合约, 35 个字段
2026-03-11 15:35:38,536 [INFO] src.data.options.options_archive - 已保存 Parquet -> /Users/yhdong/Gold/data/raw/options_history/2026-03-11/eod_full.parquet
2026-03-11 15:35:38,618 [INFO] src.data.options.options_archive - 已保存 CSV -> /Users/yhdong/Gold/data/raw/options_history/2026-03-11/eod_full.csv
2026-03-11 15:35:38,634 [INFO] src.data.options.moomoo_data - 已关闭 Moomoo 连接
