2026-03-11 15:19:36,702 [INFO] 到期日: 24 个
2026-03-11 15:19:36,703 [INFO]   期权链: 2026-03-25 ~ 2026-04-17 (6 个)
2026-03-11 15:19:40,547 [INFO]   期权链: 2026-04-24 ~ 2026-05-15 (2 个)
2026-03-11 15:19:48,271 [INFO]   期权链: 2026-06-18 ~ 2026-07-17 (3 个)
2026-03-11 15:19:52,286 [INFO]   期权链: 2026-08-21 ~ 2026-09-18 (2 个)
2026-03-11 15:19:56,442 [INFO]   期权链: 2026-09-30 ~ 2026-10-16 (2 个)
2026-03-11 15:20:00,037 [INFO]   期权链: 2026-11-20 ~ 2026-12-18 (2 个)
2026-03-11 15:20:03,770 [INFO]   期权链: 2026-12-31 ~ 2027-01-15 (2 个)
2026-03-11 15:20:07,508 [INFO]   期权链: 2027-03-19 ~ 2027-03-19 (1 个)
2026-03-11 15:20:11,225 [INFO]   期权链: 2027-06-17 ~ 2027-06-17 (1 个)
2026-03-11 15:20:14,910 [INFO]   期权链: 2028-01-21 ~ 2028-01-21 (1 个)
2026-03-11 15:20:18,757 [INFO]   期权链: 2028-06-16 ~ 2028-06-16 (1 个)
2026-03-11 15:20:23,855 [INFO]   期权链: 2028-12-15 ~ 2028-12-15 (1 个)
2026-03-11 15:20:25,216 [INFO] 总合约: 7278
2026-03-11 15:20:25,228 [INFO] Strike $230-$550: 4798 合约
2026-03-11 15:20:25,228 [INFO] 开始下载 4798 个合约的历史K线...
2026-03-11 15:20:25,228 [INFO] 预计耗时: ~88 分钟
2026-03-11 15:20:25,228 [INFO]   进度: 1/4798 (ok=0, empty=0, fail=0)
2026-03-11 15:20:26,025 [INFO]   进度: 200/4798 (ok=0, empty=0, fail=199)
2026-03-11 15:20:26,110 [INFO]   进度: 400/4798 (ok=0, empty=0, fail=399)
2026-03-11 15:20:26,398 [INFO]   进度: 600/4798 (ok=0, empty=0, fail=599)
2026-03-11 15:20:26,495 [INFO]   进度: 800/4798 (ok=0, empty=0, fail=799)
2026-03-11 15:20:26,547 [INFO]   进度: 1000/4798 (ok=0, empty=0, fail=999)
2026-03-11 15:20:26,741 [INFO]   进度: 1200/4798 (ok=0, empty=0, fail=1199)
2026-03-11 15:20:26,904 [INFO]   进度: 1400/4798 (ok=0, empty=0, fail=1399)
2026-03-11 15:20:27,003 [INFO]   进度: 1600/4798 (ok=0, empty=0, fail=1599)
2026-03-11 15:20:27,054 [INFO]   进度: 1800/4798 (ok=0, empty=0, fail=1799)
2026-03-11 15:20:27,104 [INFO]   进度: 2000/4798 (ok=0, empty=0, fail=1999)
2026-03-11 15:20:27,196 [INFO]   进度: 2200/4798 (ok=0, empty=0, fail=2199)
2026-03-11 15:20:27,247 [INFO]   进度: 2400/4798 (ok=0, empty=0, fail=2399)
2026-03-11 15:20:27,297 [INFO]   进度: 2600/4798 (ok=0, empty=0, fail=2599)
2026-03-11 15:20:27,403 [INFO]   进度: 2800/4798 (ok=0, empty=0, fail=2799)
2026-03-11 15:20:27,508 [INFO]   进度: 3000/4798 (ok=0, empty=0, fail=2999)
2026-03-11 15:20:27,607 [INFO]   进度: 3200/4798 (ok=0, empty=0, fail=3199)
2026-03-11 15:20:27,657 [INFO]   进度: 3400/4798 (ok=0, empty=0, fail=3399)
2026-03-11 15:20:27,705 [INFO]   进度: 3600/4798 (ok=0, empty=0, fail=3599)
2026-03-11 15:20:27,778 [INFO]   进度: 3800/4798 (ok=0, empty=0, fail=3799)
2026-03-11 15:20:27,832 [INFO]   进度: 4000/4798 (ok=0, empty=0, fail=3999)
2026-03-11 15:20:27,991 [INFO]   进度: 4200/4798 (ok=0, empty=0, fail=4199)
2026-03-11 15:20:28,043 [INFO]   进度: 4400/4798 (ok=0, empty=0, fail=4399)
2026-03-11 15:20:28,094 [INFO]   进度: 4600/4798 (ok=0, empty=0, fail=4599)
2026-03-11 15:20:28,145 [INFO] 下载完成: ok=0, empty=0, fail=4798
2026-03-11 15:20:28,145 [ERROR] 无数据
2026-03-11 15:19:36,609 | 86513 | 8426679360 | [open_context_base.py:409] _init_connect_sync: New connect ready: conn=7437396795120701871(1) context=<moomoo.quote.open_quote_context.OpenQuoteContext object at 0x11f305550>
2026-03-11 15:20:28,146 | 86513 | 6133739520 | [open_context_base.py:516] on_disconnect: Disconnected: conn=0(1) reason=CallClose
