2026-05-23 14:32:07,600 [INFO] ==================================================
2026-05-23 14:32:07,601 [INFO] 智能K线下载 — 额度管理版
2026-05-23 14:32:07,601 [INFO] ==================================================
2026-05-23 14:32:07,624 [INFO] K线额度: 已用 0/100, 剩余 100
2026-05-23 14:32:07,624 [INFO] 获取优先合约列表...
2026-05-23 14:32:07,778 [INFO] 已有数据库: 808 合约
2026-05-23 14:32:07,787 [INFO] GLD 最新价格: $417.0
2026-05-23 14:32:07,787 [INFO] ATM 目标范围: $354-$480
2026-05-23 14:32:18,554 [INFO] 待下载: 190 个合约
2026-05-23 14:32:18,554 [INFO]   US.GLD260702C417000 K=$417 exp=2026-07-02 pri=-0
2026-05-23 14:32:18,554 [INFO]   US.GLD260702P417000 K=$417 exp=2026-07-02 pri=-0
2026-05-23 14:32:18,554 [INFO]   US.GLD260702C416000 K=$416 exp=2026-07-02 pri=-0
2026-05-23 14:32:18,554 [INFO]   US.GLD260702P416000 K=$416 exp=2026-07-02 pri=-0
2026-05-23 14:32:18,554 [INFO]   US.GLD260702C418000 K=$418 exp=2026-07-02 pri=-0
2026-05-23 14:32:18,554 [INFO]   US.GLD260702P418000 K=$418 exp=2026-07-02 pri=-0
2026-05-23 14:32:18,554 [INFO]   US.GLD260702C415000 K=$415 exp=2026-07-02 pri=-0
2026-05-23 14:32:18,554 [INFO]   US.GLD260702P415000 K=$415 exp=2026-07-02 pri=-0
2026-05-23 14:32:18,554 [INFO]   US.GLD280121C415000 K=$415 exp=2028-01-21 pri=-0
2026-05-23 14:32:18,554 [INFO]   US.GLD280121P415000 K=$415 exp=2028-01-21 pri=-0
2026-05-23 14:32:18,567 [WARNING] 额度已用完, 停止下载
2026-05-23 14:32:18,567 [INFO] 本次: 请求=1, 成功=0
2026-05-23 14:32:07,615 | 40349 | 8808983616 | [open_context_base.py:409] _init_connect_sync: New connect ready: conn=7463839161830649793(1) context=<moomoo.quote.open_quote_context.OpenQuoteContext object at 0x11206fdd0>
2026-05-23 14:32:18,568 | 40349 | 6158331904 | [open_context_base.py:516] on_disconnect: Disconnected: conn=0(1) reason=CallClose
